[triangle-part-483495-f87670c2e.framer.app/index.html]
[backblue.gif]
[fade.gif]
[index.html]
[framerusercontent.com/images/dXrFb9Rdp7kDTcrUyuKSKphJXk.png]
[framerusercontent.com/images/kAAKJoTVXLpmoDwOUM1wrHgRVt4.png]
[framerusercontent.com/images/4PEHXkdzEpQnOSplg5ckWfNfPQbf23.png]
[framerusercontent.com/images/2pGEA3x8KdYaHG0es1D4QgCnybI17f5.png]
[triangle-part-483495-f87670c2e.framer.app/blog.html]
[triangle-part-483495-f87670c2e.framer.app/how-it-works.html]
[triangle-part-483495-f87670c2e.framer.app/why-us.html]
[triangle-part-483495-f87670c2e.framer.app/contact-us.html]
[framerusercontent.com/images/YJnsHPaMq8WGVYnuuFfeGJaJFr0.jpg]
[framerusercontent.com/images/G4EHvzBzhyGKDKrDZSUvoY9U.jpg]
[framerusercontent.com/images/lmLjmYiK7mJc8AsmrgDLLAoZY.jpg]
[framerusercontent.com/images/GZ1hPPs1aqrw1IYQr25XuVV9HjI.jpg]
[framerusercontent.com/images/8qvbGtKPTzdxbM6hzhcgldIE17f5.png]
[framerusercontent.com/images/ze4RDdykh9N7S5VuTzCKtoXRMw17f5.png]
[framerusercontent.com/images/t5XZR0qHEN5k3ipOU5XV8RuLsE17f5.png]
[framerusercontent.com/images/sRUbvYU6Jf4fFJoW0t4OmsU34A.png]
[framerusercontent.com/images/G2ksa0zCZm8w9J6cF4i22AV8.png]
[framerusercontent.com/images/CI4RsePJptZMCJ2QVQDfac8fUok.png]
[framerusercontent.com/images/zzAsTsu0BSmwsLyypolxilyClOs.png]
[framerusercontent.com/images/1VurKJXfxbkqhjfyEFjpCwYBSo.png]
[framerusercontent.com/images/e65GTDfXd9Xl6lMvEyV5fD9h11w.jpg]
[framerusercontent.com/images/n3DPUtjOFE3VER7jH4IVkpu2NGo.jpg]
[framerusercontent.com/images/27iYRXqeYFORJxF7esR5YYACXoE.jpg]
[framerusercontent.com/images/jrn27EWS9pHHkVvscWfaqpfnmQ.jpg]
[triangle-part-483495-f87670c2e.framer.app/cl-support.html]
[triangle-part-483495-f87670c2e.framer.app/index.html]
[triangle-part-483495-f87670c2e.framer.app/blog-page.html]
[framerusercontent.com/images/HqiEaHe40RRRvgkwa1GF1AGkATo.png]
[framerusercontent.com/images/YL3KCvSqP0tPEo8xS0DrBsqHec9ae5.jpg]
[framerusercontent.com/images/XVADjxYlSr3OvDEUYCIq6tnh9k9ae5.jpg]
[framerusercontent.com/images/XFq3Hz1kJRkj80RQOzoolSPISHs9ae5.jpg]
[framerusercontent.com/images/cYunSmZP5CXVe48bUnPQhK0KIBg9ae5.jpg]
[framerusercontent.com/images/aRZn7oQBWpCJm0I0XU259CvF49ae5.jpg]
[framerusercontent.com/images/gb1sN9FzdHgRbF0Uuyom3oBrM9ae5.jpg]
[framerusercontent.com/images/yICORVPRUvrUbHTTP245uBX1k9ae5.jpg]
[framerusercontent.com/images/bhqlhJG1FnIruUSSbnVqfuJno49ae5.jpg]
[triangle-part-483495-f87670c2e.framer.app/blog.html]
[framerusercontent.com/images/Mrt4EAZPXoub7nwkEB7k0SOH3VI9ae5.jpg]
[triangle-part-483495-f87670c2e.framer.app/how-it-works.html]
[framerusercontent.com/images/8BdwnceAirtuZGkTJiMMWWCX4.jpg]
[framerusercontent.com/images/8htUl06q2E5KyFicxfUsATOAEwM.jpg]
[framerusercontent.com/images/pk6Kjv8h6O5A0Ted6KS0BJB3BJs.jpg]
[framerusercontent.com/images/6Ve8zL2Nkn1hGUdhg7AQtCSg.jpg]
[framerusercontent.com/images/Tr2ljzxkaU0znEMYazLDe7ECRSM.jpg]
[framerusercontent.com/images/HWMeCViodEXvNJeajlAUkyDMxQs9ae5.jpg]
[triangle-part-483495-f87670c2e.framer.app/why-us.html]
[framerusercontent.com/images/KCzUqnXzQaoKc7jPYRrhKqj7RAk.jpg]
[triangle-part-483495-f87670c2e.framer.app/contact-us.html]
[triangle-part-483495-f87670c2e.framer.app/client-home.html]
[triangle-part-483495-f87670c2e.framer.app/client-projects.html]
[framerusercontent.com/images/8BdwnceAirtuZGkTJiMMWWCX417f5.jpg]
[triangle-part-483495-f87670c2e.framer.app/cl-support.html]
[triangle-part-483495-f87670c2e.framer.app/blog-page.html]
[framerusercontent.com/images/9gAfslqvCJOZa6qcQZGLAzeTM.jpg]
[triangle-part-483495-f87670c2e.framer.app/client-home.html]
[framerusercontent.com/images/AXHikM71KQfeGEkqXA6UVTM0LRc9ae5.json]
[triangle-part-483495-f87670c2e.framer.app/cl-project-details.html]
[triangle-part-483495-f87670c2e.framer.app/after-submittion.html]
[framerusercontent.com/images/vsjDsMoacYnrhOehtV7mRXOQls.jpg]
[triangle-part-483495-f87670c2e.framer.app/client-projects.html]
[triangle-part-483495-f87670c2e.framer.app/cl-project-details.html]
[triangle-part-483495-f87670c2e.framer.app/after-submittion.html]
